// Jest Snapshot v1, https://goo.gl/fbAQLP

exports[`App should render correctly 1`] = `
Object {
  "__v_isVNode": true,
  "__v_skip": true,
  "anchor": null,
  "appContext": null,
  "children": Array [
    Object {
      "__v_isVNode": true,
      "__v_skip": true,
      "anchor": null,
      "appContext": null,
      "children": null,
      "component": null,
      "dirs": null,
      "dynamicChildren": null,
      "dynamicProps": null,
      "el": null,
      "key": null,
      "patchFlag": 0,
      "props": Object {
        "alt": "Vue logo",
        "class": "mx-auto",
        "src": "test-file-stub",
      },
      "ref": null,
      "scopeId": null,
      "shapeFlag": 1,
      "staticCount": 0,
      "suspense": null,
      "target": null,
      "targetAnchor": null,
      "transition": null,
      "type": "img",
    },
    Object {
      "__v_isVNode": true,
      "__v_skip": true,
      "anchor": null,
      "appContext": null,
      "children": null,
      "component": null,
      "dirs": null,
      "dynamicChildren": null,
      "dynamicProps": null,
      "el": null,
      "key": null,
      "patchFlag": 0,
      "props": null,
      "ref": null,
      "scopeId": null,
      "shapeFlag": 2,
      "staticCount": 0,
      "suspense": null,
      "target": null,
      "targetAnchor": null,
      "transition": null,
      "type": [Function],
    },
  ],
  "component": null,
  "dirs": null,
  "dynamicChildren": null,
  "dynamicProps": null,
  "el": null,
  "key": null,
  "patchFlag": 0,
  "props": Object {
    "class": "container mx-auto",
  },
  "ref": null,
  "scopeId": null,
  "shapeFlag": 17,
  "staticCount": 0,
  "suspense": null,
  "target": null,
  "targetAnchor": null,
  "transition": null,
  "type": "div",
}
`;
